[2026-03-30 00:10:31] local.ERROR: Class "PaymentAccountController" does not exist {"exception":"[object] (ReflectionException(code: -1): Class \"PaymentAccountController\" does not exist at /Applications/XAMPP/xamppfiles/htdocs/tabwins/vendor/laravel/framework/src/Illuminate/Foundation/Console/RouteListCommand.php:234)
[stacktrace]
#0 /Applications/XAMPP/xamppfiles/htdocs/tabwins/vendor/laravel/framework/src/Illuminate/Foundation/Console/RouteListCommand.php(234): ReflectionClass->__construct('PaymentAccountC...')
#1 /Applications/XAMPP/xamppfiles/htdocs/tabwins/vendor/laravel/framework/src/Illuminate/Foundation/Console/RouteListCommand.php(156): Illuminate\\Foundation\\Console\\RouteListCommand->isVendorRoute(Object(Illuminate\\Routing\\Route))
#2 /Applications/XAMPP/xamppfiles/htdocs/tabwins/vendor/laravel/framework/src/Illuminate/Foundation/Console/RouteListCommand.php(125): Illuminate\\Foundation\\Console\\RouteListCommand->getRouteInformation(Object(Illuminate\\Routing\\Route))
#3 [internal function]: Illuminate\\Foundation\\Console\\RouteListCommand->Illuminate\\Foundation\\Console\\{closure}(Object(Illuminate\\Routing\\Route), 100)
#4 /Applications/XAMPP/xamppfiles/htdocs/tabwins/vendor/laravel/framework/src/Illuminate/Collections/Arr.php(560): array_map(Object(Closure), Array, Array)
#5 /Applications/XAMPP/xamppfiles/htdocs/tabwins/vendor/laravel/framework/src/Illuminate/Collections/Collection.php(768): Illuminate\\Support\\Arr::map(Array, Object(Closure))
#6 /Applications/XAMPP/xamppfiles/htdocs/tabwins/vendor/laravel/framework/src/Illuminate/Foundation/Console/RouteListCommand.php(124): Illuminate\\Support\\Collection->map(Object(Closure))
#7 /Applications/XAMPP/xamppfiles/htdocs/tabwins/vendor/laravel/framework/src/Illuminate/Foundation/Console/RouteListCommand.php(110): Illuminate\\Foundation\\Console\\RouteListCommand->getRoutes()
#8 /Applications/XAMPP/xamppfiles/htdocs/tabwins/vendor/laravel/framework/src/Illuminate/Container/BoundMethod.php(36): Illuminate\\Foundation\\Console\\RouteListCommand->handle()
#9 /Applications/XAMPP/xamppfiles/htdocs/tabwins/vendor/laravel/framework/src/Illuminate/Container/Util.php(41): Illuminate\\Container\\BoundMethod::Illuminate\\Container\\{closure}()
#10 /Applications/XAMPP/xamppfiles/htdocs/tabwins/vendor/laravel/framework/src/Illuminate/Container/BoundMethod.php(93): Illuminate\\Container\\Util::unwrapIfClosure(Object(Closure))
#11 /Applications/XAMPP/xamppfiles/htdocs/tabwins/vendor/laravel/framework/src/Illuminate/Container/BoundMethod.php(35): Illuminate\\Container\\BoundMethod::callBoundMethod(Object(Illuminate\\Foundation\\Application), Array, Object(Closure))
#12 /Applications/XAMPP/xamppfiles/htdocs/tabwins/vendor/laravel/framework/src/Illuminate/Container/Container.php(661): Illuminate\\Container\\BoundMethod::call(Object(Illuminate\\Foundation\\Application), Array, Array, NULL)
#13 /Applications/XAMPP/xamppfiles/htdocs/tabwins/vendor/laravel/framework/src/Illuminate/Console/Command.php(183): Illuminate\\Container\\Container->call(Array)
#14 /Applications/XAMPP/xamppfiles/htdocs/tabwins/vendor/symfony/console/Command/Command.php(326): Illuminate\\Console\\Command->execute(Object(Symfony\\Component\\Console\\Input\\ArgvInput), Object(Illuminate\\Console\\OutputStyle))
#15 /Applications/XAMPP/xamppfiles/htdocs/tabwins/vendor/laravel/framework/src/Illuminate/Console/Command.php(152): Symfony\\Component\\Console\\Command\\Command->run(Object(Symfony\\Component\\Console\\Input\\ArgvInput), Object(Illuminate\\Console\\OutputStyle))
#16 /Applications/XAMPP/xamppfiles/htdocs/tabwins/vendor/symfony/console/Application.php(1078): Illuminate\\Console\\Command->run(Object(Symfony\\Component\\Console\\Input\\ArgvInput), Object(Symfony\\Component\\Console\\Output\\ConsoleOutput))
#17 /Applications/XAMPP/xamppfiles/htdocs/tabwins/vendor/symfony/console/Application.php(324): Symfony\\Component\\Console\\Application->doRunCommand(Object(Illuminate\\Foundation\\Console\\RouteListCommand), Object(Symfony\\Component\\Console\\Input\\ArgvInput), Object(Symfony\\Component\\Console\\Output\\ConsoleOutput))
#18 /Applications/XAMPP/xamppfiles/htdocs/tabwins/vendor/symfony/console/Application.php(175): Symfony\\Component\\Console\\Application->doRun(Object(Symfony\\Component\\Console\\Input\\ArgvInput), Object(Symfony\\Component\\Console\\Output\\ConsoleOutput))
#19 /Applications/XAMPP/xamppfiles/htdocs/tabwins/vendor/laravel/framework/src/Illuminate/Console/Application.php(102): Symfony\\Component\\Console\\Application->run(Object(Symfony\\Component\\Console\\Input\\ArgvInput), Object(Symfony\\Component\\Console\\Output\\ConsoleOutput))
#20 /Applications/XAMPP/xamppfiles/htdocs/tabwins/vendor/laravel/framework/src/Illuminate/Foundation/Console/Kernel.php(155): Illuminate\\Console\\Application->run(Object(Symfony\\Component\\Console\\Input\\ArgvInput), Object(Symfony\\Component\\Console\\Output\\ConsoleOutput))
#21 /Applications/XAMPP/xamppfiles/htdocs/tabwins/artisan(35): Illuminate\\Foundation\\Console\\Kernel->handle(Object(Symfony\\Component\\Console\\Input\\ArgvInput), Object(Symfony\\Component\\Console\\Output\\ConsoleOutput))
#22 {main}
"} 
[2026-03-30 00:10:35] local.ERROR: Class "PaymentAccountController" does not exist {"exception":"[object] (ReflectionException(code: -1): Class \"PaymentAccountController\" does not exist at /Applications/XAMPP/xamppfiles/htdocs/tabwins/vendor/laravel/framework/src/Illuminate/Foundation/Console/RouteListCommand.php:234)
[stacktrace]
#0 /Applications/XAMPP/xamppfiles/htdocs/tabwins/vendor/laravel/framework/src/Illuminate/Foundation/Console/RouteListCommand.php(234): ReflectionClass->__construct('PaymentAccountC...')
#1 /Applications/XAMPP/xamppfiles/htdocs/tabwins/vendor/laravel/framework/src/Illuminate/Foundation/Console/RouteListCommand.php(156): Illuminate\\Foundation\\Console\\RouteListCommand->isVendorRoute(Object(Illuminate\\Routing\\Route))
#2 /Applications/XAMPP/xamppfiles/htdocs/tabwins/vendor/laravel/framework/src/Illuminate/Foundation/Console/RouteListCommand.php(125): Illuminate\\Foundation\\Console\\RouteListCommand->getRouteInformation(Object(Illuminate\\Routing\\Route))
#3 [internal function]: Illuminate\\Foundation\\Console\\RouteListCommand->Illuminate\\Foundation\\Console\\{closure}(Object(Illuminate\\Routing\\Route), 100)
#4 /Applications/XAMPP/xamppfiles/htdocs/tabwins/vendor/laravel/framework/src/Illuminate/Collections/Arr.php(560): array_map(Object(Closure), Array, Array)
#5 /Applications/XAMPP/xamppfiles/htdocs/tabwins/vendor/laravel/framework/src/Illuminate/Collections/Collection.php(768): Illuminate\\Support\\Arr::map(Array, Object(Closure))
#6 /Applications/XAMPP/xamppfiles/htdocs/tabwins/vendor/laravel/framework/src/Illuminate/Foundation/Console/RouteListCommand.php(124): Illuminate\\Support\\Collection->map(Object(Closure))
#7 /Applications/XAMPP/xamppfiles/htdocs/tabwins/vendor/laravel/framework/src/Illuminate/Foundation/Console/RouteListCommand.php(110): Illuminate\\Foundation\\Console\\RouteListCommand->getRoutes()
#8 /Applications/XAMPP/xamppfiles/htdocs/tabwins/vendor/laravel/framework/src/Illuminate/Container/BoundMethod.php(36): Illuminate\\Foundation\\Console\\RouteListCommand->handle()
#9 /Applications/XAMPP/xamppfiles/htdocs/tabwins/vendor/laravel/framework/src/Illuminate/Container/Util.php(41): Illuminate\\Container\\BoundMethod::Illuminate\\Container\\{closure}()
#10 /Applications/XAMPP/xamppfiles/htdocs/tabwins/vendor/laravel/framework/src/Illuminate/Container/BoundMethod.php(93): Illuminate\\Container\\Util::unwrapIfClosure(Object(Closure))
#11 /Applications/XAMPP/xamppfiles/htdocs/tabwins/vendor/laravel/framework/src/Illuminate/Container/BoundMethod.php(35): Illuminate\\Container\\BoundMethod::callBoundMethod(Object(Illuminate\\Foundation\\Application), Array, Object(Closure))
#12 /Applications/XAMPP/xamppfiles/htdocs/tabwins/vendor/laravel/framework/src/Illuminate/Container/Container.php(661): Illuminate\\Container\\BoundMethod::call(Object(Illuminate\\Foundation\\Application), Array, Array, NULL)
#13 /Applications/XAMPP/xamppfiles/htdocs/tabwins/vendor/laravel/framework/src/Illuminate/Console/Command.php(183): Illuminate\\Container\\Container->call(Array)
#14 /Applications/XAMPP/xamppfiles/htdocs/tabwins/vendor/symfony/console/Command/Command.php(326): Illuminate\\Console\\Command->execute(Object(Symfony\\Component\\Console\\Input\\ArgvInput), Object(Illuminate\\Console\\OutputStyle))
#15 /Applications/XAMPP/xamppfiles/htdocs/tabwins/vendor/laravel/framework/src/Illuminate/Console/Command.php(152): Symfony\\Component\\Console\\Command\\Command->run(Object(Symfony\\Component\\Console\\Input\\ArgvInput), Object(Illuminate\\Console\\OutputStyle))
#16 /Applications/XAMPP/xamppfiles/htdocs/tabwins/vendor/symfony/console/Application.php(1078): Illuminate\\Console\\Command->run(Object(Symfony\\Component\\Console\\Input\\ArgvInput), Object(Symfony\\Component\\Console\\Output\\ConsoleOutput))
#17 /Applications/XAMPP/xamppfiles/htdocs/tabwins/vendor/symfony/console/Application.php(324): Symfony\\Component\\Console\\Application->doRunCommand(Object(Illuminate\\Foundation\\Console\\RouteListCommand), Object(Symfony\\Component\\Console\\Input\\ArgvInput), Object(Symfony\\Component\\Console\\Output\\ConsoleOutput))
#18 /Applications/XAMPP/xamppfiles/htdocs/tabwins/vendor/symfony/console/Application.php(175): Symfony\\Component\\Console\\Application->doRun(Object(Symfony\\Component\\Console\\Input\\ArgvInput), Object(Symfony\\Component\\Console\\Output\\ConsoleOutput))
#19 /Applications/XAMPP/xamppfiles/htdocs/tabwins/vendor/laravel/framework/src/Illuminate/Console/Application.php(102): Symfony\\Component\\Console\\Application->run(Object(Symfony\\Component\\Console\\Input\\ArgvInput), Object(Symfony\\Component\\Console\\Output\\ConsoleOutput))
#20 /Applications/XAMPP/xamppfiles/htdocs/tabwins/vendor/laravel/framework/src/Illuminate/Foundation/Console/Kernel.php(155): Illuminate\\Console\\Application->run(Object(Symfony\\Component\\Console\\Input\\ArgvInput), Object(Symfony\\Component\\Console\\Output\\ConsoleOutput))
#21 /Applications/XAMPP/xamppfiles/htdocs/tabwins/artisan(35): Illuminate\\Foundation\\Console\\Kernel->handle(Object(Symfony\\Component\\Console\\Input\\ArgvInput), Object(Symfony\\Component\\Console\\Output\\ConsoleOutput))
#22 {main}
"} 
[2026-03-30 00:55:16] local.ERROR: Class "PaymentAccountController" does not exist {"exception":"[object] (ReflectionException(code: -1): Class \"PaymentAccountController\" does not exist at /Applications/XAMPP/xamppfiles/htdocs/tabwins/vendor/laravel/framework/src/Illuminate/Foundation/Console/RouteListCommand.php:234)
[stacktrace]
#0 /Applications/XAMPP/xamppfiles/htdocs/tabwins/vendor/laravel/framework/src/Illuminate/Foundation/Console/RouteListCommand.php(234): ReflectionClass->__construct('PaymentAccountC...')
#1 /Applications/XAMPP/xamppfiles/htdocs/tabwins/vendor/laravel/framework/src/Illuminate/Foundation/Console/RouteListCommand.php(156): Illuminate\\Foundation\\Console\\RouteListCommand->isVendorRoute(Object(Illuminate\\Routing\\Route))
#2 /Applications/XAMPP/xamppfiles/htdocs/tabwins/vendor/laravel/framework/src/Illuminate/Foundation/Console/RouteListCommand.php(125): Illuminate\\Foundation\\Console\\RouteListCommand->getRouteInformation(Object(Illuminate\\Routing\\Route))
#3 [internal function]: Illuminate\\Foundation\\Console\\RouteListCommand->Illuminate\\Foundation\\Console\\{closure}(Object(Illuminate\\Routing\\Route), 100)
#4 /Applications/XAMPP/xamppfiles/htdocs/tabwins/vendor/laravel/framework/src/Illuminate/Collections/Arr.php(560): array_map(Object(Closure), Array, Array)
#5 /Applications/XAMPP/xamppfiles/htdocs/tabwins/vendor/laravel/framework/src/Illuminate/Collections/Collection.php(768): Illuminate\\Support\\Arr::map(Array, Object(Closure))
#6 /Applications/XAMPP/xamppfiles/htdocs/tabwins/vendor/laravel/framework/src/Illuminate/Foundation/Console/RouteListCommand.php(124): Illuminate\\Support\\Collection->map(Object(Closure))
#7 /Applications/XAMPP/xamppfiles/htdocs/tabwins/vendor/laravel/framework/src/Illuminate/Foundation/Console/RouteListCommand.php(110): Illuminate\\Foundation\\Console\\RouteListCommand->getRoutes()
#8 /Applications/XAMPP/xamppfiles/htdocs/tabwins/vendor/laravel/framework/src/Illuminate/Container/BoundMethod.php(36): Illuminate\\Foundation\\Console\\RouteListCommand->handle()
#9 /Applications/XAMPP/xamppfiles/htdocs/tabwins/vendor/laravel/framework/src/Illuminate/Container/Util.php(41): Illuminate\\Container\\BoundMethod::Illuminate\\Container\\{closure}()
#10 /Applications/XAMPP/xamppfiles/htdocs/tabwins/vendor/laravel/framework/src/Illuminate/Container/BoundMethod.php(93): Illuminate\\Container\\Util::unwrapIfClosure(Object(Closure))
#11 /Applications/XAMPP/xamppfiles/htdocs/tabwins/vendor/laravel/framework/src/Illuminate/Container/BoundMethod.php(35): Illuminate\\Container\\BoundMethod::callBoundMethod(Object(Illuminate\\Foundation\\Application), Array, Object(Closure))
#12 /Applications/XAMPP/xamppfiles/htdocs/tabwins/vendor/laravel/framework/src/Illuminate/Container/Container.php(661): Illuminate\\Container\\BoundMethod::call(Object(Illuminate\\Foundation\\Application), Array, Array, NULL)
#13 /Applications/XAMPP/xamppfiles/htdocs/tabwins/vendor/laravel/framework/src/Illuminate/Console/Command.php(183): Illuminate\\Container\\Container->call(Array)
#14 /Applications/XAMPP/xamppfiles/htdocs/tabwins/vendor/symfony/console/Command/Command.php(326): Illuminate\\Console\\Command->execute(Object(Symfony\\Component\\Console\\Input\\ArgvInput), Object(Illuminate\\Console\\OutputStyle))
#15 /Applications/XAMPP/xamppfiles/htdocs/tabwins/vendor/laravel/framework/src/Illuminate/Console/Command.php(152): Symfony\\Component\\Console\\Command\\Command->run(Object(Symfony\\Component\\Console\\Input\\ArgvInput), Object(Illuminate\\Console\\OutputStyle))
#16 /Applications/XAMPP/xamppfiles/htdocs/tabwins/vendor/symfony/console/Application.php(1078): Illuminate\\Console\\Command->run(Object(Symfony\\Component\\Console\\Input\\ArgvInput), Object(Symfony\\Component\\Console\\Output\\ConsoleOutput))
#17 /Applications/XAMPP/xamppfiles/htdocs/tabwins/vendor/symfony/console/Application.php(324): Symfony\\Component\\Console\\Application->doRunCommand(Object(Illuminate\\Foundation\\Console\\RouteListCommand), Object(Symfony\\Component\\Console\\Input\\ArgvInput), Object(Symfony\\Component\\Console\\Output\\ConsoleOutput))
#18 /Applications/XAMPP/xamppfiles/htdocs/tabwins/vendor/symfony/console/Application.php(175): Symfony\\Component\\Console\\Application->doRun(Object(Symfony\\Component\\Console\\Input\\ArgvInput), Object(Symfony\\Component\\Console\\Output\\ConsoleOutput))
#19 /Applications/XAMPP/xamppfiles/htdocs/tabwins/vendor/laravel/framework/src/Illuminate/Console/Application.php(102): Symfony\\Component\\Console\\Application->run(Object(Symfony\\Component\\Console\\Input\\ArgvInput), Object(Symfony\\Component\\Console\\Output\\ConsoleOutput))
#20 /Applications/XAMPP/xamppfiles/htdocs/tabwins/vendor/laravel/framework/src/Illuminate/Foundation/Console/Kernel.php(155): Illuminate\\Console\\Application->run(Object(Symfony\\Component\\Console\\Input\\ArgvInput), Object(Symfony\\Component\\Console\\Output\\ConsoleOutput))
#21 /Applications/XAMPP/xamppfiles/htdocs/tabwins/artisan(35): Illuminate\\Foundation\\Console\\Kernel->handle(Object(Symfony\\Component\\Console\\Input\\ArgvInput), Object(Symfony\\Component\\Console\\Output\\ConsoleOutput))
#22 {main}
"} 
[2026-03-30 01:48:09] local.ERROR: Class "PaymentAccountController" does not exist {"exception":"[object] (ReflectionException(code: -1): Class \"PaymentAccountController\" does not exist at /Applications/XAMPP/xamppfiles/htdocs/tabwins/vendor/laravel/framework/src/Illuminate/Foundation/Console/RouteListCommand.php:234)
[stacktrace]
#0 /Applications/XAMPP/xamppfiles/htdocs/tabwins/vendor/laravel/framework/src/Illuminate/Foundation/Console/RouteListCommand.php(234): ReflectionClass->__construct('PaymentAccountC...')
#1 /Applications/XAMPP/xamppfiles/htdocs/tabwins/vendor/laravel/framework/src/Illuminate/Foundation/Console/RouteListCommand.php(156): Illuminate\\Foundation\\Console\\RouteListCommand->isVendorRoute(Object(Illuminate\\Routing\\Route))
#2 /Applications/XAMPP/xamppfiles/htdocs/tabwins/vendor/laravel/framework/src/Illuminate/Foundation/Console/RouteListCommand.php(125): Illuminate\\Foundation\\Console\\RouteListCommand->getRouteInformation(Object(Illuminate\\Routing\\Route))
#3 [internal function]: Illuminate\\Foundation\\Console\\RouteListCommand->Illuminate\\Foundation\\Console\\{closure}(Object(Illuminate\\Routing\\Route), 100)
#4 /Applications/XAMPP/xamppfiles/htdocs/tabwins/vendor/laravel/framework/src/Illuminate/Collections/Arr.php(560): array_map(Object(Closure), Array, Array)
#5 /Applications/XAMPP/xamppfiles/htdocs/tabwins/vendor/laravel/framework/src/Illuminate/Collections/Collection.php(768): Illuminate\\Support\\Arr::map(Array, Object(Closure))
#6 /Applications/XAMPP/xamppfiles/htdocs/tabwins/vendor/laravel/framework/src/Illuminate/Foundation/Console/RouteListCommand.php(124): Illuminate\\Support\\Collection->map(Object(Closure))
#7 /Applications/XAMPP/xamppfiles/htdocs/tabwins/vendor/laravel/framework/src/Illuminate/Foundation/Console/RouteListCommand.php(110): Illuminate\\Foundation\\Console\\RouteListCommand->getRoutes()
#8 /Applications/XAMPP/xamppfiles/htdocs/tabwins/vendor/laravel/framework/src/Illuminate/Container/BoundMethod.php(36): Illuminate\\Foundation\\Console\\RouteListCommand->handle()
#9 /Applications/XAMPP/xamppfiles/htdocs/tabwins/vendor/laravel/framework/src/Illuminate/Container/Util.php(41): Illuminate\\Container\\BoundMethod::Illuminate\\Container\\{closure}()
#10 /Applications/XAMPP/xamppfiles/htdocs/tabwins/vendor/laravel/framework/src/Illuminate/Container/BoundMethod.php(93): Illuminate\\Container\\Util::unwrapIfClosure(Object(Closure))
#11 /Applications/XAMPP/xamppfiles/htdocs/tabwins/vendor/laravel/framework/src/Illuminate/Container/BoundMethod.php(35): Illuminate\\Container\\BoundMethod::callBoundMethod(Object(Illuminate\\Foundation\\Application), Array, Object(Closure))
#12 /Applications/XAMPP/xamppfiles/htdocs/tabwins/vendor/laravel/framework/src/Illuminate/Container/Container.php(661): Illuminate\\Container\\BoundMethod::call(Object(Illuminate\\Foundation\\Application), Array, Array, NULL)
#13 /Applications/XAMPP/xamppfiles/htdocs/tabwins/vendor/laravel/framework/src/Illuminate/Console/Command.php(183): Illuminate\\Container\\Container->call(Array)
#14 /Applications/XAMPP/xamppfiles/htdocs/tabwins/vendor/symfony/console/Command/Command.php(326): Illuminate\\Console\\Command->execute(Object(Symfony\\Component\\Console\\Input\\ArgvInput), Object(Illuminate\\Console\\OutputStyle))
#15 /Applications/XAMPP/xamppfiles/htdocs/tabwins/vendor/laravel/framework/src/Illuminate/Console/Command.php(152): Symfony\\Component\\Console\\Command\\Command->run(Object(Symfony\\Component\\Console\\Input\\ArgvInput), Object(Illuminate\\Console\\OutputStyle))
#16 /Applications/XAMPP/xamppfiles/htdocs/tabwins/vendor/symfony/console/Application.php(1078): Illuminate\\Console\\Command->run(Object(Symfony\\Component\\Console\\Input\\ArgvInput), Object(Symfony\\Component\\Console\\Output\\ConsoleOutput))
#17 /Applications/XAMPP/xamppfiles/htdocs/tabwins/vendor/symfony/console/Application.php(324): Symfony\\Component\\Console\\Application->doRunCommand(Object(Illuminate\\Foundation\\Console\\RouteListCommand), Object(Symfony\\Component\\Console\\Input\\ArgvInput), Object(Symfony\\Component\\Console\\Output\\ConsoleOutput))
#18 /Applications/XAMPP/xamppfiles/htdocs/tabwins/vendor/symfony/console/Application.php(175): Symfony\\Component\\Console\\Application->doRun(Object(Symfony\\Component\\Console\\Input\\ArgvInput), Object(Symfony\\Component\\Console\\Output\\ConsoleOutput))
#19 /Applications/XAMPP/xamppfiles/htdocs/tabwins/vendor/laravel/framework/src/Illuminate/Console/Application.php(102): Symfony\\Component\\Console\\Application->run(Object(Symfony\\Component\\Console\\Input\\ArgvInput), Object(Symfony\\Component\\Console\\Output\\ConsoleOutput))
#20 /Applications/XAMPP/xamppfiles/htdocs/tabwins/vendor/laravel/framework/src/Illuminate/Foundation/Console/Kernel.php(155): Illuminate\\Console\\Application->run(Object(Symfony\\Component\\Console\\Input\\ArgvInput), Object(Symfony\\Component\\Console\\Output\\ConsoleOutput))
#21 /Applications/XAMPP/xamppfiles/htdocs/tabwins/artisan(35): Illuminate\\Foundation\\Console\\Kernel->handle(Object(Symfony\\Component\\Console\\Input\\ArgvInput), Object(Symfony\\Component\\Console\\Output\\ConsoleOutput))
#22 {main}
"} 
[2026-03-30 02:05:04] local.ERROR: The "/Applications/XAMPP/xamppfiles/htdocs/tabwins/custom_views" directory does not exist. {"exception":"[object] (Symfony\\Component\\Finder\\Exception\\DirectoryNotFoundException(code: 0): The \"/Applications/XAMPP/xamppfiles/htdocs/tabwins/custom_views\" directory does not exist. at /Applications/XAMPP/xamppfiles/htdocs/tabwins/vendor/symfony/finder/Finder.php:649)
[stacktrace]
#0 /Applications/XAMPP/xamppfiles/htdocs/tabwins/vendor/laravel/framework/src/Illuminate/Foundation/Console/ViewCacheCommand.php(93): Symfony\\Component\\Finder\\Finder->in(Array)
#1 /Applications/XAMPP/xamppfiles/htdocs/tabwins/vendor/laravel/framework/src/Illuminate/Foundation/Console/ViewCacheCommand.php(54): Illuminate\\Foundation\\Console\\ViewCacheCommand->bladeFilesIn(Array)
#2 /Applications/XAMPP/xamppfiles/htdocs/tabwins/vendor/laravel/framework/src/Illuminate/Collections/Traits/EnumeratesValues.php(235): Illuminate\\Foundation\\Console\\ViewCacheCommand->Illuminate\\Foundation\\Console\\{closure}('/Applications/X...', 0)
#3 /Applications/XAMPP/xamppfiles/htdocs/tabwins/vendor/laravel/framework/src/Illuminate/Foundation/Console/ViewCacheCommand.php(49): Illuminate\\Support\\Collection->each(Object(Closure))
#4 /Applications/XAMPP/xamppfiles/htdocs/tabwins/vendor/laravel/framework/src/Illuminate/Container/BoundMethod.php(36): Illuminate\\Foundation\\Console\\ViewCacheCommand->handle()
#5 /Applications/XAMPP/xamppfiles/htdocs/tabwins/vendor/laravel/framework/src/Illuminate/Container/Util.php(41): Illuminate\\Container\\BoundMethod::Illuminate\\Container\\{closure}()
#6 /Applications/XAMPP/xamppfiles/htdocs/tabwins/vendor/laravel/framework/src/Illuminate/Container/BoundMethod.php(93): Illuminate\\Container\\Util::unwrapIfClosure(Object(Closure))
#7 /Applications/XAMPP/xamppfiles/htdocs/tabwins/vendor/laravel/framework/src/Illuminate/Container/BoundMethod.php(35): Illuminate\\Container\\BoundMethod::callBoundMethod(Object(Illuminate\\Foundation\\Application), Array, Object(Closure))
#8 /Applications/XAMPP/xamppfiles/htdocs/tabwins/vendor/laravel/framework/src/Illuminate/Container/Container.php(661): Illuminate\\Container\\BoundMethod::call(Object(Illuminate\\Foundation\\Application), Array, Array, NULL)
#9 /Applications/XAMPP/xamppfiles/htdocs/tabwins/vendor/laravel/framework/src/Illuminate/Console/Command.php(183): Illuminate\\Container\\Container->call(Array)
#10 /Applications/XAMPP/xamppfiles/htdocs/tabwins/vendor/symfony/console/Command/Command.php(326): Illuminate\\Console\\Command->execute(Object(Symfony\\Component\\Console\\Input\\ArgvInput), Object(Illuminate\\Console\\OutputStyle))
#11 /Applications/XAMPP/xamppfiles/htdocs/tabwins/vendor/laravel/framework/src/Illuminate/Console/Command.php(152): Symfony\\Component\\Console\\Command\\Command->run(Object(Symfony\\Component\\Console\\Input\\ArgvInput), Object(Illuminate\\Console\\OutputStyle))
#12 /Applications/XAMPP/xamppfiles/htdocs/tabwins/vendor/symfony/console/Application.php(1078): Illuminate\\Console\\Command->run(Object(Symfony\\Component\\Console\\Input\\ArgvInput), Object(Symfony\\Component\\Console\\Output\\ConsoleOutput))
#13 /Applications/XAMPP/xamppfiles/htdocs/tabwins/vendor/symfony/console/Application.php(324): Symfony\\Component\\Console\\Application->doRunCommand(Object(Illuminate\\Foundation\\Console\\ViewCacheCommand), Object(Symfony\\Component\\Console\\Input\\ArgvInput), Object(Symfony\\Component\\Console\\Output\\ConsoleOutput))
#14 /Applications/XAMPP/xamppfiles/htdocs/tabwins/vendor/symfony/console/Application.php(175): Symfony\\Component\\Console\\Application->doRun(Object(Symfony\\Component\\Console\\Input\\ArgvInput), Object(Symfony\\Component\\Console\\Output\\ConsoleOutput))
#15 /Applications/XAMPP/xamppfiles/htdocs/tabwins/vendor/laravel/framework/src/Illuminate/Console/Application.php(102): Symfony\\Component\\Console\\Application->run(Object(Symfony\\Component\\Console\\Input\\ArgvInput), Object(Symfony\\Component\\Console\\Output\\ConsoleOutput))
#16 /Applications/XAMPP/xamppfiles/htdocs/tabwins/vendor/laravel/framework/src/Illuminate/Foundation/Console/Kernel.php(155): Illuminate\\Console\\Application->run(Object(Symfony\\Component\\Console\\Input\\ArgvInput), Object(Symfony\\Component\\Console\\Output\\ConsoleOutput))
#17 /Applications/XAMPP/xamppfiles/htdocs/tabwins/artisan(35): Illuminate\\Foundation\\Console\\Kernel->handle(Object(Symfony\\Component\\Console\\Input\\ArgvInput), Object(Symfony\\Component\\Console\\Output\\ConsoleOutput))
#18 {main}
"} 
[2026-03-30 02:43:44] local.ERROR: Class "PaymentAccountController" does not exist {"exception":"[object] (ReflectionException(code: -1): Class \"PaymentAccountController\" does not exist at /Applications/XAMPP/xamppfiles/htdocs/tabwins/vendor/laravel/framework/src/Illuminate/Foundation/Console/RouteListCommand.php:234)
[stacktrace]
#0 /Applications/XAMPP/xamppfiles/htdocs/tabwins/vendor/laravel/framework/src/Illuminate/Foundation/Console/RouteListCommand.php(234): ReflectionClass->__construct('PaymentAccountC...')
#1 /Applications/XAMPP/xamppfiles/htdocs/tabwins/vendor/laravel/framework/src/Illuminate/Foundation/Console/RouteListCommand.php(156): Illuminate\\Foundation\\Console\\RouteListCommand->isVendorRoute(Object(Illuminate\\Routing\\Route))
#2 /Applications/XAMPP/xamppfiles/htdocs/tabwins/vendor/laravel/framework/src/Illuminate/Foundation/Console/RouteListCommand.php(125): Illuminate\\Foundation\\Console\\RouteListCommand->getRouteInformation(Object(Illuminate\\Routing\\Route))
#3 [internal function]: Illuminate\\Foundation\\Console\\RouteListCommand->Illuminate\\Foundation\\Console\\{closure}(Object(Illuminate\\Routing\\Route), 100)
#4 /Applications/XAMPP/xamppfiles/htdocs/tabwins/vendor/laravel/framework/src/Illuminate/Collections/Arr.php(560): array_map(Object(Closure), Array, Array)
#5 /Applications/XAMPP/xamppfiles/htdocs/tabwins/vendor/laravel/framework/src/Illuminate/Collections/Collection.php(768): Illuminate\\Support\\Arr::map(Array, Object(Closure))
#6 /Applications/XAMPP/xamppfiles/htdocs/tabwins/vendor/laravel/framework/src/Illuminate/Foundation/Console/RouteListCommand.php(124): Illuminate\\Support\\Collection->map(Object(Closure))
#7 /Applications/XAMPP/xamppfiles/htdocs/tabwins/vendor/laravel/framework/src/Illuminate/Foundation/Console/RouteListCommand.php(110): Illuminate\\Foundation\\Console\\RouteListCommand->getRoutes()
#8 /Applications/XAMPP/xamppfiles/htdocs/tabwins/vendor/laravel/framework/src/Illuminate/Container/BoundMethod.php(36): Illuminate\\Foundation\\Console\\RouteListCommand->handle()
#9 /Applications/XAMPP/xamppfiles/htdocs/tabwins/vendor/laravel/framework/src/Illuminate/Container/Util.php(41): Illuminate\\Container\\BoundMethod::Illuminate\\Container\\{closure}()
#10 /Applications/XAMPP/xamppfiles/htdocs/tabwins/vendor/laravel/framework/src/Illuminate/Container/BoundMethod.php(93): Illuminate\\Container\\Util::unwrapIfClosure(Object(Closure))
#11 /Applications/XAMPP/xamppfiles/htdocs/tabwins/vendor/laravel/framework/src/Illuminate/Container/BoundMethod.php(35): Illuminate\\Container\\BoundMethod::callBoundMethod(Object(Illuminate\\Foundation\\Application), Array, Object(Closure))
#12 /Applications/XAMPP/xamppfiles/htdocs/tabwins/vendor/laravel/framework/src/Illuminate/Container/Container.php(661): Illuminate\\Container\\BoundMethod::call(Object(Illuminate\\Foundation\\Application), Array, Array, NULL)
#13 /Applications/XAMPP/xamppfiles/htdocs/tabwins/vendor/laravel/framework/src/Illuminate/Console/Command.php(183): Illuminate\\Container\\Container->call(Array)
#14 /Applications/XAMPP/xamppfiles/htdocs/tabwins/vendor/symfony/console/Command/Command.php(326): Illuminate\\Console\\Command->execute(Object(Symfony\\Component\\Console\\Input\\ArgvInput), Object(Illuminate\\Console\\OutputStyle))
#15 /Applications/XAMPP/xamppfiles/htdocs/tabwins/vendor/laravel/framework/src/Illuminate/Console/Command.php(152): Symfony\\Component\\Console\\Command\\Command->run(Object(Symfony\\Component\\Console\\Input\\ArgvInput), Object(Illuminate\\Console\\OutputStyle))
#16 /Applications/XAMPP/xamppfiles/htdocs/tabwins/vendor/symfony/console/Application.php(1078): Illuminate\\Console\\Command->run(Object(Symfony\\Component\\Console\\Input\\ArgvInput), Object(Symfony\\Component\\Console\\Output\\ConsoleOutput))
#17 /Applications/XAMPP/xamppfiles/htdocs/tabwins/vendor/symfony/console/Application.php(324): Symfony\\Component\\Console\\Application->doRunCommand(Object(Illuminate\\Foundation\\Console\\RouteListCommand), Object(Symfony\\Component\\Console\\Input\\ArgvInput), Object(Symfony\\Component\\Console\\Output\\ConsoleOutput))
#18 /Applications/XAMPP/xamppfiles/htdocs/tabwins/vendor/symfony/console/Application.php(175): Symfony\\Component\\Console\\Application->doRun(Object(Symfony\\Component\\Console\\Input\\ArgvInput), Object(Symfony\\Component\\Console\\Output\\ConsoleOutput))
#19 /Applications/XAMPP/xamppfiles/htdocs/tabwins/vendor/laravel/framework/src/Illuminate/Console/Application.php(102): Symfony\\Component\\Console\\Application->run(Object(Symfony\\Component\\Console\\Input\\ArgvInput), Object(Symfony\\Component\\Console\\Output\\ConsoleOutput))
#20 /Applications/XAMPP/xamppfiles/htdocs/tabwins/vendor/laravel/framework/src/Illuminate/Foundation/Console/Kernel.php(155): Illuminate\\Console\\Application->run(Object(Symfony\\Component\\Console\\Input\\ArgvInput), Object(Symfony\\Component\\Console\\Output\\ConsoleOutput))
#21 /Applications/XAMPP/xamppfiles/htdocs/tabwins/artisan(35): Illuminate\\Foundation\\Console\\Kernel->handle(Object(Symfony\\Component\\Console\\Input\\ArgvInput), Object(Symfony\\Component\\Console\\Output\\ConsoleOutput))
#22 {main}
"} 
[2026-03-30 12:36:40] local.ERROR: Class "PaymentAccountController" does not exist {"exception":"[object] (ReflectionException(code: -1): Class \"PaymentAccountController\" does not exist at /Applications/XAMPP/xamppfiles/htdocs/tabwins/vendor/laravel/framework/src/Illuminate/Foundation/Console/RouteListCommand.php:234)
[stacktrace]
#0 /Applications/XAMPP/xamppfiles/htdocs/tabwins/vendor/laravel/framework/src/Illuminate/Foundation/Console/RouteListCommand.php(234): ReflectionClass->__construct('PaymentAccountC...')
#1 /Applications/XAMPP/xamppfiles/htdocs/tabwins/vendor/laravel/framework/src/Illuminate/Foundation/Console/RouteListCommand.php(156): Illuminate\\Foundation\\Console\\RouteListCommand->isVendorRoute(Object(Illuminate\\Routing\\Route))
#2 /Applications/XAMPP/xamppfiles/htdocs/tabwins/vendor/laravel/framework/src/Illuminate/Foundation/Console/RouteListCommand.php(125): Illuminate\\Foundation\\Console\\RouteListCommand->getRouteInformation(Object(Illuminate\\Routing\\Route))
#3 [internal function]: Illuminate\\Foundation\\Console\\RouteListCommand->Illuminate\\Foundation\\Console\\{closure}(Object(Illuminate\\Routing\\Route), 100)
#4 /Applications/XAMPP/xamppfiles/htdocs/tabwins/vendor/laravel/framework/src/Illuminate/Collections/Arr.php(560): array_map(Object(Closure), Array, Array)
#5 /Applications/XAMPP/xamppfiles/htdocs/tabwins/vendor/laravel/framework/src/Illuminate/Collections/Collection.php(768): Illuminate\\Support\\Arr::map(Array, Object(Closure))
#6 /Applications/XAMPP/xamppfiles/htdocs/tabwins/vendor/laravel/framework/src/Illuminate/Foundation/Console/RouteListCommand.php(124): Illuminate\\Support\\Collection->map(Object(Closure))
#7 /Applications/XAMPP/xamppfiles/htdocs/tabwins/vendor/laravel/framework/src/Illuminate/Foundation/Console/RouteListCommand.php(110): Illuminate\\Foundation\\Console\\RouteListCommand->getRoutes()
#8 /Applications/XAMPP/xamppfiles/htdocs/tabwins/vendor/laravel/framework/src/Illuminate/Container/BoundMethod.php(36): Illuminate\\Foundation\\Console\\RouteListCommand->handle()
#9 /Applications/XAMPP/xamppfiles/htdocs/tabwins/vendor/laravel/framework/src/Illuminate/Container/Util.php(41): Illuminate\\Container\\BoundMethod::Illuminate\\Container\\{closure}()
#10 /Applications/XAMPP/xamppfiles/htdocs/tabwins/vendor/laravel/framework/src/Illuminate/Container/BoundMethod.php(93): Illuminate\\Container\\Util::unwrapIfClosure(Object(Closure))
#11 /Applications/XAMPP/xamppfiles/htdocs/tabwins/vendor/laravel/framework/src/Illuminate/Container/BoundMethod.php(35): Illuminate\\Container\\BoundMethod::callBoundMethod(Object(Illuminate\\Foundation\\Application), Array, Object(Closure))
#12 /Applications/XAMPP/xamppfiles/htdocs/tabwins/vendor/laravel/framework/src/Illuminate/Container/Container.php(661): Illuminate\\Container\\BoundMethod::call(Object(Illuminate\\Foundation\\Application), Array, Array, NULL)
#13 /Applications/XAMPP/xamppfiles/htdocs/tabwins/vendor/laravel/framework/src/Illuminate/Console/Command.php(183): Illuminate\\Container\\Container->call(Array)
#14 /Applications/XAMPP/xamppfiles/htdocs/tabwins/vendor/symfony/console/Command/Command.php(326): Illuminate\\Console\\Command->execute(Object(Symfony\\Component\\Console\\Input\\ArgvInput), Object(Illuminate\\Console\\OutputStyle))
#15 /Applications/XAMPP/xamppfiles/htdocs/tabwins/vendor/laravel/framework/src/Illuminate/Console/Command.php(152): Symfony\\Component\\Console\\Command\\Command->run(Object(Symfony\\Component\\Console\\Input\\ArgvInput), Object(Illuminate\\Console\\OutputStyle))
#16 /Applications/XAMPP/xamppfiles/htdocs/tabwins/vendor/symfony/console/Application.php(1078): Illuminate\\Console\\Command->run(Object(Symfony\\Component\\Console\\Input\\ArgvInput), Object(Symfony\\Component\\Console\\Output\\ConsoleOutput))
#17 /Applications/XAMPP/xamppfiles/htdocs/tabwins/vendor/symfony/console/Application.php(324): Symfony\\Component\\Console\\Application->doRunCommand(Object(Illuminate\\Foundation\\Console\\RouteListCommand), Object(Symfony\\Component\\Console\\Input\\ArgvInput), Object(Symfony\\Component\\Console\\Output\\ConsoleOutput))
#18 /Applications/XAMPP/xamppfiles/htdocs/tabwins/vendor/symfony/console/Application.php(175): Symfony\\Component\\Console\\Application->doRun(Object(Symfony\\Component\\Console\\Input\\ArgvInput), Object(Symfony\\Component\\Console\\Output\\ConsoleOutput))
#19 /Applications/XAMPP/xamppfiles/htdocs/tabwins/vendor/laravel/framework/src/Illuminate/Console/Application.php(102): Symfony\\Component\\Console\\Application->run(Object(Symfony\\Component\\Console\\Input\\ArgvInput), Object(Symfony\\Component\\Console\\Output\\ConsoleOutput))
#20 /Applications/XAMPP/xamppfiles/htdocs/tabwins/vendor/laravel/framework/src/Illuminate/Foundation/Console/Kernel.php(155): Illuminate\\Console\\Application->run(Object(Symfony\\Component\\Console\\Input\\ArgvInput), Object(Symfony\\Component\\Console\\Output\\ConsoleOutput))
#21 /Applications/XAMPP/xamppfiles/htdocs/tabwins/artisan(35): Illuminate\\Foundation\\Console\\Kernel->handle(Object(Symfony\\Component\\Console\\Input\\ArgvInput), Object(Symfony\\Component\\Console\\Output\\ConsoleOutput))
#22 {main}
"} 
[2026-03-30 12:38:51] local.ERROR: Command "module:status" is not defined.

Did you mean one of these?
    log-viewer:stats
    migrate:status
    model:prune
    model:show
    module:delete
    module:disable
    module:dump
    module:enable
    module:install
    module:list
    module:make
    module:make-command
    module:make-component
    module:make-component-view
    module:make-controller
    module:make-event
    module:make-factory
    module:make-job
    module:make-listener
    module:make-mail
    module:make-middleware
    module:make-migration
    module:make-model
    module:make-notification
    module:make-policy
    module:make-provider
    module:make-request
    module:make-resource
    module:make-rule
    module:make-seed
    module:make-test
    module:migrate
    module:migrate-fresh
    module:migrate-refresh
    module:migrate-reset
    module:migrate-rollback
    module:migrate-status
    module:publish
    module:publish-config
    module:publish-migration
    module:publish-translation
    module:route-provider
    module:seed
    module:setup
    module:unuse
    module:update
    module:use
    module:v6:migrate {"exception":"[object] (Symfony\\Component\\Console\\Exception\\CommandNotFoundException(code: 0): Command \"module:status\" is not defined.

Did you mean one of these?
    log-viewer:stats
    migrate:status
    model:prune
    model:show
    module:delete
    module:disable
    module:dump
    module:enable
    module:install
    module:list
    module:make
    module:make-command
    module:make-component
    module:make-component-view
    module:make-controller
    module:make-event
    module:make-factory
    module:make-job
    module:make-listener
    module:make-mail
    module:make-middleware
    module:make-migration
    module:make-model
    module:make-notification
    module:make-policy
    module:make-provider
    module:make-request
    module:make-resource
    module:make-rule
    module:make-seed
    module:make-test
    module:migrate
    module:migrate-fresh
    module:migrate-refresh
    module:migrate-reset
    module:migrate-rollback
    module:migrate-status
    module:publish
    module:publish-config
    module:publish-migration
    module:publish-translation
    module:route-provider
    module:seed
    module:setup
    module:unuse
    module:update
    module:use
    module:v6:migrate at /Applications/XAMPP/xamppfiles/htdocs/tabwins/vendor/symfony/console/Application.php:737)
[stacktrace]
#0 /Applications/XAMPP/xamppfiles/htdocs/tabwins/vendor/symfony/console/Application.php(266): Symfony\\Component\\Console\\Application->find('module:status')
#1 /Applications/XAMPP/xamppfiles/htdocs/tabwins/vendor/symfony/console/Application.php(175): Symfony\\Component\\Console\\Application->doRun(Object(Symfony\\Component\\Console\\Input\\ArgvInput), Object(Symfony\\Component\\Console\\Output\\ConsoleOutput))
#2 /Applications/XAMPP/xamppfiles/htdocs/tabwins/vendor/laravel/framework/src/Illuminate/Console/Application.php(102): Symfony\\Component\\Console\\Application->run(Object(Symfony\\Component\\Console\\Input\\ArgvInput), Object(Symfony\\Component\\Console\\Output\\ConsoleOutput))
#3 /Applications/XAMPP/xamppfiles/htdocs/tabwins/vendor/laravel/framework/src/Illuminate/Foundation/Console/Kernel.php(155): Illuminate\\Console\\Application->run(Object(Symfony\\Component\\Console\\Input\\ArgvInput), Object(Symfony\\Component\\Console\\Output\\ConsoleOutput))
#4 /Applications/XAMPP/xamppfiles/htdocs/tabwins/artisan(35): Illuminate\\Foundation\\Console\\Kernel->handle(Object(Symfony\\Component\\Console\\Input\\ArgvInput), Object(Symfony\\Component\\Console\\Output\\ConsoleOutput))
#5 {main}
"} 
