[2026-04-15 18:17:51] local.ERROR: PHP Parse error: Syntax error, unexpected '/' on line 1 {"exception":"[object] (Psy\\Exception\\ParseErrorException(code: 0): PHP Parse error: Syntax error, unexpected '/' on line 1 at /Applications/XAMPP/xamppfiles/htdocs/tabwins/vendor/psy/psysh/src/Exception/ParseErrorException.php:44)
[stacktrace]
#0 /Applications/XAMPP/xamppfiles/htdocs/tabwins/vendor/psy/psysh/src/CodeCleaner.php(332): Psy\\Exception\\ParseErrorException::fromParseError(Object(PhpParser\\Error))
#1 /Applications/XAMPP/xamppfiles/htdocs/tabwins/vendor/psy/psysh/src/CodeCleaner.php(261): Psy\\CodeCleaner->parse('<?php /opt/home...', false)
#2 /Applications/XAMPP/xamppfiles/htdocs/tabwins/vendor/psy/psysh/src/Shell.php(848): Psy\\CodeCleaner->clean(Array, false)
#3 /Applications/XAMPP/xamppfiles/htdocs/tabwins/vendor/psy/psysh/src/Shell.php(877): Psy\\Shell->addCode('/opt/homebrew/o...', true)
#4 /Applications/XAMPP/xamppfiles/htdocs/tabwins/vendor/psy/psysh/src/Shell.php(1342): Psy\\Shell->setCode('/opt/homebrew/o...', true)
#5 /Applications/XAMPP/xamppfiles/htdocs/tabwins/vendor/laravel/tinker/src/Console/TinkerCommand.php(76): Psy\\Shell->execute('/opt/homebrew/o...')
#6 /Applications/XAMPP/xamppfiles/htdocs/tabwins/vendor/laravel/framework/src/Illuminate/Container/BoundMethod.php(36): Laravel\\Tinker\\Console\\TinkerCommand->handle()
#7 /Applications/XAMPP/xamppfiles/htdocs/tabwins/vendor/laravel/framework/src/Illuminate/Container/Util.php(41): Illuminate\\Container\\BoundMethod::Illuminate\\Container\\{closure}()
#8 /Applications/XAMPP/xamppfiles/htdocs/tabwins/vendor/laravel/framework/src/Illuminate/Container/BoundMethod.php(93): Illuminate\\Container\\Util::unwrapIfClosure(Object(Closure))
#9 /Applications/XAMPP/xamppfiles/htdocs/tabwins/vendor/laravel/framework/src/Illuminate/Container/BoundMethod.php(35): Illuminate\\Container\\BoundMethod::callBoundMethod(Object(Illuminate\\Foundation\\Application), Array, Object(Closure))
#10 /Applications/XAMPP/xamppfiles/htdocs/tabwins/vendor/laravel/framework/src/Illuminate/Container/Container.php(661): Illuminate\\Container\\BoundMethod::call(Object(Illuminate\\Foundation\\Application), Array, Array, NULL)
#11 /Applications/XAMPP/xamppfiles/htdocs/tabwins/vendor/laravel/framework/src/Illuminate/Console/Command.php(183): Illuminate\\Container\\Container->call(Array)
#12 /Applications/XAMPP/xamppfiles/htdocs/tabwins/vendor/symfony/console/Command/Command.php(326): Illuminate\\Console\\Command->execute(Object(Symfony\\Component\\Console\\Input\\ArgvInput), Object(Illuminate\\Console\\OutputStyle))
#13 /Applications/XAMPP/xamppfiles/htdocs/tabwins/vendor/laravel/framework/src/Illuminate/Console/Command.php(152): Symfony\\Component\\Console\\Command\\Command->run(Object(Symfony\\Component\\Console\\Input\\ArgvInput), Object(Illuminate\\Console\\OutputStyle))
#14 /Applications/XAMPP/xamppfiles/htdocs/tabwins/vendor/symfony/console/Application.php(1078): Illuminate\\Console\\Command->run(Object(Symfony\\Component\\Console\\Input\\ArgvInput), Object(Symfony\\Component\\Console\\Output\\ConsoleOutput))
#15 /Applications/XAMPP/xamppfiles/htdocs/tabwins/vendor/symfony/console/Application.php(324): Symfony\\Component\\Console\\Application->doRunCommand(Object(Laravel\\Tinker\\Console\\TinkerCommand), Object(Symfony\\Component\\Console\\Input\\ArgvInput), Object(Symfony\\Component\\Console\\Output\\ConsoleOutput))
#16 /Applications/XAMPP/xamppfiles/htdocs/tabwins/vendor/symfony/console/Application.php(175): Symfony\\Component\\Console\\Application->doRun(Object(Symfony\\Component\\Console\\Input\\ArgvInput), Object(Symfony\\Component\\Console\\Output\\ConsoleOutput))
#17 /Applications/XAMPP/xamppfiles/htdocs/tabwins/vendor/laravel/framework/src/Illuminate/Console/Application.php(102): Symfony\\Component\\Console\\Application->run(Object(Symfony\\Component\\Console\\Input\\ArgvInput), Object(Symfony\\Component\\Console\\Output\\ConsoleOutput))
#18 /Applications/XAMPP/xamppfiles/htdocs/tabwins/vendor/laravel/framework/src/Illuminate/Foundation/Console/Kernel.php(155): Illuminate\\Console\\Application->run(Object(Symfony\\Component\\Console\\Input\\ArgvInput), Object(Symfony\\Component\\Console\\Output\\ConsoleOutput))
#19 /Applications/XAMPP/xamppfiles/htdocs/tabwins/artisan(35): Illuminate\\Foundation\\Console\\Kernel->handle(Object(Symfony\\Component\\Console\\Input\\ArgvInput), Object(Symfony\\Component\\Console\\Output\\ConsoleOutput))
#20 {main}
"} 
[2026-04-15 18:19:32] local.EMERGENCY: ERROR: NOT ALLOWED: Mismatch between sold and purchase quantity. Product: CLARITYN ALLERGY CLARITYN 10MG TABS 10S SKU: 0022 Quantity: 2 Business: Lika Health Location: Lika Health  
